// Jest Snapshot v1, https://goo.gl/fbAQLP

exports[`<ResultList/> .render renders correctly with result 1`] = `
<WithStyles(Paper)
  className="root"
>
  <WithStyles(List)>
    <ResultRow
      divider={true}
      key="123"
      result={
        Object {
          "place_id": "123",
          "structured_formatting": Object {
            "main_text": "1",
            "secondary_text": "23",
          },
        }
      }
    />
    <ResultRow
      divider={true}
      key="456"
      result={
        Object {
          "place_id": "456",
          "structured_formatting": Object {
            "main_text": "4",
            "secondary_text": "56",
          },
        }
      }
    />
    <ResultRow
      divider={false}
      key="789"
      result={
        Object {
          "place_id": "789",
          "structured_formatting": Object {
            "main_text": "7",
            "secondary_text": "89",
          },
        }
      }
    />
  </WithStyles(List)>
</WithStyles(Paper)>
`;

exports[`<ResultList/> .render renders null with empty results 1`] = `""`;

exports[`<ResultList/> .render renders null with null results 1`] = `""`;
