// Jest Snapshot v1, https://goo.gl/fbAQLP

exports[`<ResultList/> renders empty state when no results 1`] = `
<WithStyles(Paper)
  className="root"
>
  <WithStyles(List)>
    <EmptyRow />
  </WithStyles(List)>
</WithStyles(Paper)>
`;

exports[`<ResultList/> renders null when loading 1`] = `""`;

exports[`<ResultList/> renders null when visible false 1`] = `""`;

exports[`<ResultList/> renders results when visible and not loading 1`] = `
<WithStyles(Paper)
  className="root"
>
  <WithStyles(List)>
    <ResultRow
      divider={true}
      key="123"
      onClick={[Function]}
      result={
        Object {
          "id": "123",
          "primary": "1",
          "secondary": "23",
        }
      }
    />
    <ResultRow
      divider={true}
      key="456"
      onClick={[Function]}
      result={
        Object {
          "id": "456",
          "primary": "4",
          "secondary": "56",
        }
      }
    />
    <ResultRow
      divider={false}
      key="789"
      onClick={[Function]}
      result={
        Object {
          "id": "789",
          "primary": "7",
          "secondary": "89",
        }
      }
    />
  </WithStyles(List)>
</WithStyles(Paper)>
`;
